>A@1
aaaaaaaaaaaaaaaaaaaaaaaaaaaaaaaaaaaaaaaaaaaaaaaaaaaaaaaaaaaaaaaaaaaaa
>C@1
ccccccccccccccccccccccccccccccccccccccccccccccccccccccccccccccccccccc
>AC@1
acacacacacacacacacacacacacacacacacacacacacacacacacacacacacacacacacaca
>AT@1
atatatatatatatatatatatatatatatatatatatatatatatatatatatatatatatatatata
>AG@1
agagagagagagagagagagagagagagagagagagagagagagagagagagagagagagagagagaga
>CG@1
cgcgcgcgcgcgcgcgcgcgcgcgcgcgcgcgcgcgcgcgcgcgcgcgcgcgcgcgcgcgcgcgcgcgc
>GCC@1
gccgccgccgccgccgccgccgccgccgccgccgccgccgccgccgccgccgccgccgccgccgccgcc
>TAA@1
taataataataataataataataataataataataataataataataataataataataataataataa
>CAA@1
caacaacaacaacaacaacaacaacaacaacaacaacaacaacaacaacaacaacaacaacaacaacaa
>GCA@1
gcagcagcagcagcagcagcagcagcagcagcagcagcagcagcagcagcagcagcagcagcagcagca
>CTA@1
ctactactactactactactactactactactactactactactactactactactactactactacta
>GGA@1
ggaggaggaggaggaggaggaggaggaggaggaggaggaggaggaggaggaggaggaggaggaggagga
>GAA@1
gaagaagaagaagaagaagaagaagaagaagaagaagaagaagaagaagaagaagaagaagaagaagaa
>TCA@1
tcatcatcatcatcatcatcatcatcatcatcatcatcatcatcatcatcatcatcatcatcatcatca
>CCA@1
ccaccaccaccaccaccaccaccaccaccaccaccaccaccaccaccaccaccaccaccaccaccacca
>TAGA@1
tagatagatagatagatagatagatagatagatagatagatagatagatagatagatagatagatagat
>CAAA@1
caaacaaacaaacaaacaaacaaacaaacaaacaaacaaacaaacaaacaaacaaacaaacaaacaaac
>TAAA@1
taaataaataaataaataaataaataaataaataaataaataaataaataaataaataaataaataaat
>GAAA@1
gaaagaaagaaagaaagaaagaaagaaagaaagaaagaaagaaagaaagaaagaaagaaagaaagaaag
>TCCA@1
tccatccatccatccatccatccatccatccatccatccatccatccatccatccatccatccatccat
>CGAA@1
cgaacgaacgaacgaacgaacgaacgaacgaacgaacgaacgaacgaacgaacgaacgaacgaacgaac
>TGAA@1
tgaatgaatgaatgaatgaatgaatgaatgaatgaatgaatgaatgaatgaatgaatgaatgaatgaat
>CGGA@1
cggacggacggacggacggacggacggacggacggacggacggacggacggacggacggacggacggac
>GGAA@1
ggaaggaaggaaggaaggaaggaaggaaggaaggaaggaaggaaggaaggaaggaaggaaggaaggaag
>TACA@1
tacatacatacatacatacatacatacatacatacatacatacatacatacatacatacatacatacat
>TCAA@1
tcaatcaatcaatcaatcaatcaatcaatcaatcaatcaatcaatcaatcaatcaatcaatcaatcaat
>GACA@1
gacagacagacagacagacagacagacagacagacagacagacagacagacagacagacagacagacag
>CCTA@1
cctacctacctacctacctacctacctacctacctacctacctacctacctacctacctacctacctac
>GCCC@1
gcccgcccgcccgcccgcccgcccgcccgcccgcccgcccgcccgcccgcccgcccgcccgcccgcccg
>TTAA@1
ttaattaattaattaattaattaattaattaattaattaattaattaattaattaattaattaattaat
>GGGA@1
gggagggagggagggagggagggagggagggagggagggagggagggagggagggagggagggagggag
>GGCA@1
ggcaggcaggcaggcaggcaggcaggcaggcaggcaggcaggcaggcaggcaggcaggcaggcaggcag
>GCCA@1
gccagccagccagccagccagccagccagccagccagccagccagccagccagccagccagccagccag
>CAAAA@1
caaaacaaaacaaaacaaaacaaaacaaaacaaaacaaaacaaaacaaaacaaaacaaaacaaaacaaa
>TGGAA@1
tggaatggaatggaatggaatggaatggaatggaatggaatggaatggaatggaatggaatggaatgga
>TAAAA@1
taaaataaaataaaataaaataaaataaaataaaataaaataaaataaaataaaataaaataaaataaa
>GCCCA@1
gcccagcccagcccagcccagcccagcccagcccagcccagcccagcccagcccagcccagcccagccc
>GCTCA@1
gctcagctcagctcagctcagctcagctcagctcagctcagctcagctcagctcagctcagctcagctc
>GAAAA@1
gaaaagaaaagaaaagaaaagaaaagaaaagaaaagaaaagaaaagaaaagaaaagaaaagaaaagaaa
>TACAA@1
tacaatacaatacaatacaatacaatacaatacaatacaatacaatacaatacaatacaatacaataca
>CTCCA@1
ctccactccactccactccactccactccactccactccactccactccactccactccactccactcc
>TCTAA@1
tctaatctaatctaatctaatctaatctaatctaatctaatctaatctaatctaatctaatctaatcta
>TAGAA@1
tagaatagaatagaatagaatagaatagaatagaatagaatagaatagaatagaatagaatagaataga
>GGAGA@1
ggagaggagaggagaggagaggagaggagaggagaggagaggagaggagaggagaggagaggagaggag
>TTAAA@1
ttaaattaaattaaattaaattaaattaaattaaattaaattaaattaaattaaattaaattaaattaa
>GCCCC@1
gccccgccccgccccgccccgccccgccccgccccgccccgccccgccccgccccgccccgccccgccc
>GCGCA@1
gcgcagcgcagcgcagcgcagcgcagcgcagcgcagcgcagcgcagcgcagcgcagcgcagcgcagcgc
>GGGGA@1
ggggaggggaggggaggggaggggaggggaggggaggggaggggaggggaggggaggggaggggagggg
>GGCCC@1
ggcccggcccggcccggcccggcccggcccggcccggcccggcccggcccggcccggcccggcccggcc
>TCCCA@1
tcccatcccatcccatcccatcccatcccatcccatcccatcccatcccatcccatcccatcccatccc
>CCCCA@1
ccccaccccaccccaccccaccccaccccaccccaccccaccccaccccaccccaccccaccccacccc
>CCCTAA@1
ccctaaccctaaccctaaccctaaccctaaccctaaccctaaccctaaccctaaccctaaccctaaccc
>CCCGAA@1
cccgaacccgaacccgaacccgaacccgaacccgaacccgaacccgaacccgaacccgaacccgaaccc
>TATACA@1
tatacatatacatatacatatacatatacatatacatatacatatacatatacatatacatatacatat
>TCACCA@1
tcaccatcaccatcaccatcaccatcaccatcaccatcaccatcaccatcaccatcaccatcaccatca
>CCCCAA@1
ccccaaccccaaccccaaccccaaccccaaccccaaccccaaccccaaccccaaccccaaccccaaccc
>CAAAAA@1
caaaaacaaaaacaaaaacaaaaacaaaaacaaaaacaaaaacaaaaacaaaaacaaaaacaaaaacaa
>CCCTCA@1
ccctcaccctcaccctcaccctcaccctcaccctcaccctcaccctcaccctcaccctcaccctcaccc
>GCCCCC@1
gcccccgcccccgcccccgcccccgcccccgcccccgcccccgcccccgcccccgcccccgcccccgcc
>GAAAAA@1
gaaaaagaaaaagaaaaagaaaaagaaaaagaaaaagaaaaagaaaaagaaaaagaaaaagaaaaagaa
>GGAGAA@1
ggagaaggagaaggagaaggagaaggagaaggagaaggagaaggagaaggagaaggagaaggagaagga
>CCCCCA@1
cccccacccccacccccacccccacccccacccccacccccacccccacccccacccccacccccaccc
>TAAAAA@1
taaaaataaaaataaaaataaaaataaaaataaaaataaaaataaaaataaaaataaaaataaaaataa
>GGGAGA@1
gggagagggagagggagagggagagggagagggagagggagagggagagggagagggagagggagaggg
>GCCCCA@1
gccccagccccagccccagccccagccccagccccagccccagccccagccccagccccagccccagcc
>GGGGGA@1
gggggagggggagggggagggggagggggagggggagggggagggggagggggagggggagggggaggg
>GAGACA@1
gagacagagacagagacagagacagagacagagacagagacagagacagagacagagacagagacagag
>A@2
ttttttttttttttttttttttttttttttttttttttttttttttttttttttttttttttttttttt
>C@2
ggggggggggggggggggggggggggggggggggggggggggggggggggggggggggggggggggggg
>AC@2
tgtgtgtgtgtgtgtgtgtgtgtgtgtgtgtgtgtgtgtgtgtgtgtgtgtgtgtgtgtgtgtgtgtgt
>AG@2
tctctctctctctctctctctctctctctctctctctctctctctctctctctctctctctctctctct
>GCC@2
ggcggcggcggcggcggcggcggcggcggcggcggcggcggcggcggcggcggcggcggcggcggcggc
>TAA@2
ttattattattattattattattattattattattattattattattattattattattattattatta
>CAA@2
ttgttgttgttgttgttgttgttgttgttgttgttgttgttgttgttgttgttgttgttgttgttgttg
>GCA@2
tgctgctgctgctgctgctgctgctgctgctgctgctgctgctgctgctgctgctgctgctgctgctgc
>CTA@2
tagtagtagtagtagtagtagtagtagtagtagtagtagtagtagtagtagtagtagtagtagtagtag
>GGA@2
tcctcctcctcctcctcctcctcctcctcctcctcctcctcctcctcctcctcctcctcctcctcctcc
>GAA@2
ttcttcttcttcttcttcttcttcttcttcttcttcttcttcttcttcttcttcttcttcttcttcttc
>TCA@2
tgatgatgatgatgatgatgatgatgatgatgatgatgatgatgatgatgatgatgatgatgatgatga
>CCA@2
tggtggtggtggtggtggtggtggtggtggtggtggtggtggtggtggtggtggtggtggtggtggtgg
>TAGA@2
atctatctatctatctatctatctatctatctatctatctatctatctatctatctatctatctatcta
>CAAA@2
gtttgtttgtttgtttgtttgtttgtttgtttgtttgtttgtttgtttgtttgtttgtttgtttgtttg
>TAAA@2
atttatttatttatttatttatttatttatttatttatttatttatttatttatttatttatttattta
>GAAA@2
ctttctttctttctttctttctttctttctttctttctttctttctttctttctttctttctttctttc
>TCCA@2
atggatggatggatggatggatggatggatggatggatggatggatggatggatggatggatggatgga
>CGAA@2
gttcgttcgttcgttcgttcgttcgttcgttcgttcgttcgttcgttcgttcgttcgttcgttcgttcg
>TGAA@2
attcattcattcattcattcattcattcattcattcattcattcattcattcattcattcattcattca
>CGGA@2
gtccgtccgtccgtccgtccgtccgtccgtccgtccgtccgtccgtccgtccgtccgtccgtccgtccg
>GGAA@2
cttccttccttccttccttccttccttccttccttccttccttccttccttccttccttccttccttcc
>TACA@2
atgtatgtatgtatgtatgtatgtatgtatgtatgtatgtatgtatgtatgtatgtatgtatgtatgta
>TCAA@2
attgattgattgattgattgattgattgattgattgattgattgattgattgattgattgattgattga
>GACA@2
ctgtctgtctgtctgtctgtctgtctgtctgtctgtctgtctgtctgtctgtctgtctgtctgtctgtc
>CCTA@2
gtaggtaggtaggtaggtaggtaggtaggtaggtaggtaggtaggtaggtaggtaggtaggtaggtagg
>GCCC@2
cgggcgggcgggcgggcgggcgggcgggcgggcgggcgggcgggcgggcgggcgggcgggcgggcgggc
>GGGA@2
ctccctccctccctccctccctccctccctccctccctccctccctccctccctccctccctccctccc
>GGCA@2
ctgcctgcctgcctgcctgcctgcctgcctgcctgcctgcctgcctgcctgcctgcctgcctgcctgcc
>GCCA@2
ctggctggctggctggctggctggctggctggctggctggctggctggctggctggctggctggctggc
>CAAAA@2
tttgttttgttttgttttgttttgttttgttttgttttgttttgttttgttttgttttgttttgttttg
>TGGAA@2
tccattccattccattccattccattccattccattccattccattccattccattccattccattcca
>TAAAA@2
tttattttattttattttattttattttattttattttattttattttattttattttattttatttta
>GCCCA@2
gggctgggctgggctgggctgggctgggctgggctgggctgggctgggctgggctgggctgggctgggc
>GCTCA@2
gagctgagctgagctgagctgagctgagctgagctgagctgagctgagctgagctgagctgagctgagc
>GAAAA@2
tttcttttcttttcttttcttttcttttcttttcttttcttttcttttcttttcttttcttttcttttc
>TACAA@2
tgtattgtattgtattgtattgtattgtattgtattgtattgtattgtattgtattgtattgtattgta
>CTCCA@2
ggagtggagtggagtggagtggagtggagtggagtggagtggagtggagtggagtggagtggagtggag
>TCTAA@2
tagattagattagattagattagattagattagattagattagattagattagattagattagattaga
>TAGAA@2
tctattctattctattctattctattctattctattctattctattctattctattctattctattcta
>GGAGA@2
ctcctctcctctcctctcctctcctctcctctcctctcctctcctctcctctcctctcctctcctctcc
>TTAAA@2
ttaatttaatttaatttaatttaatttaatttaatttaatttaatttaatttaatttaatttaatttaa
>GCCCC@2
gggcggggcggggcggggcggggcggggcggggcggggcggggcggggcggggcggggcggggcggggc
>GCGCA@2
gcgctgcgctgcgctgcgctgcgctgcgctgcgctgcgctgcgctgcgctgcgctgcgctgcgctgcgc
>GGGGA@2
cccctcccctcccctcccctcccctcccctcccctcccctcccctcccctcccctcccctcccctcccc
>GGCCC@2
ggccgggccgggccgggccgggccgggccgggccgggccgggccgggccgggccgggccgggccgggcc
>TCCCA@2
gggatgggatgggatgggatgggatgggatgggatgggatgggatgggatgggatgggatgggatggga
>CCCCA@2
ggggtggggtggggtggggtggggtggggtggggtggggtggggtggggtggggtggggtggggtgggg
>CCCTAA@2
gggttagggttagggttagggttagggttagggttagggttagggttagggttagggttagggttaggg
>CCCGAA@2
gggttcgggttcgggttcgggttcgggttcgggttcgggttcgggttcgggttcgggttcgggttcggg
>TATACA@2
atatgtatatgtatatgtatatgtatatgtatatgtatatgtatatgtatatgtatatgtatatgtata
>TCACCA@2
tgatggtgatggtgatggtgatggtgatggtgatggtgatggtgatggtgatggtgatggtgatggtga
>CCCCAA@2
gggttggggttggggttggggttggggttggggttggggttggggttggggttggggttggggttgggg
>CAAAAA@2
ttgtttttgtttttgtttttgtttttgtttttgtttttgtttttgtttttgtttttgtttttgtttttg
>CCCTCA@2
gggtgagggtgagggtgagggtgagggtgagggtgagggtgagggtgagggtgagggtgagggtgaggg
>GCCCCC@2
ggcgggggcgggggcgggggcgggggcgggggcgggggcgggggcgggggcgggggcgggggcgggggc
>GAAAAA@2
ttctttttctttttctttttctttttctttttctttttctttttctttttctttttctttttctttttc
>GGAGAA@2
tccttctccttctccttctccttctccttctccttctccttctccttctccttctccttctccttctcc
>CCCCCA@2
gggtgggggtgggggtgggggtgggggtgggggtgggggtgggggtgggggtgggggtgggggtggggg
>TAAAAA@2
ttatttttatttttatttttatttttatttttatttttatttttatttttatttttatttttattttta
>GGGAGA@2
ccctctccctctccctctccctctccctctccctctccctctccctctccctctccctctccctctccc
>GCCCCA@2
ggctggggctggggctggggctggggctggggctggggctggggctggggctggggctggggctggggc
>GGGGGA@2
ccctccccctccccctccccctccccctccccctccccctccccctccccctccccctccccctccccc
>GAGACA@2
ctctgtctctgtctctgtctctgtctctgtctctgtctctgtctctgtctctgtctctgtctctgtctc
>TGGCCC@1
tggccctggccctggccctggccctggccctggccctggccctggccctggccctggccctggccctggcc
ctggccctggccctggccctggccctggccctggccctggccctggccctggccctggccctggccctggc
cctggccc
>TGGCCC@2
gggccagggccagggccagggccagggccagggccagggccagggccagggccagggccagggccagggcc
agggccagggccagggccagggccagggccagggccagggccagggccagggccagggccagggccagggc
cagggcca
